// Jest Snapshot v1, https://goo.gl/fbAQLP

exports[`Paragraph renders basic paragraph 1`] = `
<div>
  <p
    class="mb-3 text-gray-500 dark:text-gray-400"
  >
    content
  </p>
</div>
`;
