// Jest Snapshot v1, https://goo.gl/fbAQLP

exports[`Select renders Select 1`] = `
<div>
  <select
    class="bg-gray-50 border border-gray-300 text-gray-900 text-sm rounded-lg focus:ring-blue-500 focus:border-blue-500 block w-full p-2.5 dark:bg-gray-700 dark:border-gray-600 dark:placeholder-gray-400 dark:text-white dark:focus:ring-blue-500 dark:focus:border-blue-500"
  >
    <option
      value="1"
    >
      test
    </option>
    <option
      value="2"
    >
      test2
    </option>
  </select>
</div>
`;
